[    0.000000] Linux version 4.15.0-212-generic (buildd@lcy02-amd64-083) (gcc version 7.5.0 (Ubuntu 7.5.0-3ubuntu1~18.04)) #223-Ubuntu SMP Tue May 23 13:09:22 UTC 2023 (Ubuntu 4.15.0-212.223-generic 4.15.18)
[    0.000000] Command line: BOOT_IMAGE=/boot/vmlinuz-4.15.0-212-generic root=LABEL=cloudimg-rootfs ro console=tty1 console=ttyS0
[    0.000000] KERNEL supported cpus:
[    0.000000]   Intel GenuineIntel
[    0.000000]   AMD AuthenticAMD
[    0.000000]   Centaur CentaurHauls
[    0.000000] x86/fpu: Supporting XSAVE feature 0x001: 'x87 floating point registers'
[    0.000000] x86/fpu: Supporting XSAVE feature 0x002: 'SSE registers'
[    0.000000] x86/fpu: Supporting XSAVE feature 0x004: 'AVX registers'
[    0.000000] x86/fpu: xstate_offset[2]:  576, xstate_sizes[2]:  256
[    0.000000] x86/fpu: Enabled xstate features 0x7, context size is 832 bytes, using 'standard' format.
[    0.000000] e820: BIOS-provided physical RAM map:
[    0.000000] BIOS-e820: [mem 0x0000000000000000-0x000000000009fbff] usable
[    0.000000] BIOS-e820: [mem 0x000000000009fc00-0x000000000009ffff] reserved
[    0.000000] BIOS-e820: [mem 0x00000000000f0000-0x00000000000fffff] reserved
[    0.000000] BIOS-e820: [mem 0x0000000000100000-0x000000003ffeffff] usable
[    0.000000] BIOS-e820: [mem 0x000000003fff0000-0x000000003fffffff] ACPI data
[    0.000000] BIOS-e820: [mem 0x00000000fec00000-0x00000000fec00fff] reserved
[    0.000000] BIOS-e820: [mem 0x00000000fee00000-0x00000000fee00fff] reserved
[    0.000000] BIOS-e820: [mem 0x00000000fffc0000-0x00000000ffffffff] reserved
[    0.000000] NX (Execute Disable) protection: active
[    0.000000] SMBIOS 2.5 present.
[    0.000000] DMI: innotek GmbH VirtualBox/VirtualBox, BIOS VirtualBox 12/01/2006
[    0.000000] Hypervisor detected: KVM
[    0.000000] e820: last_pfn = 0x3fff0 max_arch_pfn = 0x400000000
[    0.000000] x86/PAT: Configuration [0-7]: WB  WC  UC- UC  WB  WP  UC- WT  
[    0.000000] CPU MTRRs all blank - virtualized system.
[    0.000000] found SMP MP-table at [mem 0x0009fbf0-0x0009fbff]
[    0.000000] Scanning 1 areas for low memory corruption
[    0.000000] RAMDISK: [mem 0x359cb000-0x36cdcfff]
[    0.000000] ACPI: Early table checksum verification disabled
[    0.000000] ACPI: RSDP 0x00000000000E0000 000024 (v02 VBOX  )
[    0.000000] ACPI: XSDT 0x000000003FFF0030 00003C (v01 VBOX   VBOXXSDT 00000001 ASL  00000061)
[    0.000000] ACPI: FACP 0x000000003FFF00F0 0000F4 (v04 VBOX   VBOXFACP 00000001 ASL  00000061)
[    0.000000] ACPI: DSDT 0x000000003FFF02F0 002353 (v02 VBOX   VBOXBIOS 00000002 VBOX 0002A935)
[    0.000000] ACPI: FACS 0x000000003FFF0200 000040
[    0.000000] ACPI: FACS 0x000000003FFF0200 000040
[    0.000000] ACPI: APIC 0x000000003FFF0240 00005C (v02 VBOX   VBOXAPIC 00000001 ASL  00000061)
[    0.000000] ACPI: SSDT 0x000000003FFF02A0 000045 (v01 VBOX   VBOXCPUT 00000002 VBOX 0002A935)
[    0.000000] ACPI: Reserving FACP table memory at [mem 0x3fff00f0-0x3fff01e3]
[    0.000000] ACPI: Reserving DSDT table memory at [mem 0x3fff02f0-0x3fff2642]
[    0.000000] ACPI: Reserving FACS table memory at [mem 0x3fff0200-0x3fff023f]
[    0.000000] ACPI: Reserving FACS table memory at [mem 0x3fff0200-0x3fff023f]
[    0.000000] ACPI: Reserving APIC table memory at [mem 0x3fff0240-0x3fff029b]
[    0.000000] ACPI: Reserving SSDT table memory at [mem 0x3fff02a0-0x3fff02e4]
[    0.000000] No NUMA configuration found
[    0.000000] Faking a node at [mem 0x0000000000000000-0x000000003ffeffff]
[    0.000000] NODE_DATA(0) allocated [mem 0x3ffc5000-0x3ffeffff]
[    0.000000] kvm-clock: cpu 0, msr 0:3ff44001, primary cpu clock
[    0.000000] kvm-clock: Using msrs 4b564d01 and 4b564d00
[    0.000000] kvm-clock: using sched offset of 4315366599 cycles
[    0.000000] clocksource: kvm-clock: mask: 0xffffffffffffffff max_cycles: 0x1cd42e4dffb, max_idle_ns: 881590591483 ns
[    0.000000] Zone ranges:
[    0.000000]   DMA      [mem 0x0000000000001000-0x0000000000ffffff]
[    0.000000]   DMA32    [mem 0x0000000001000000-0x000000003ffeffff]
[    0.000000]   Normal   empty
[    0.000000]   Device   empty
[    0.000000] Movable zone start for each node
[    0.000000] Early memory node ranges
[    0.000000]   node   0: [mem 0x0000000000001000-0x000000000009efff]
[    0.000000]   node   0: [mem 0x0000000000100000-0x000000003ffeffff]
[    0.000000] Reserved but unavailable: 104 pages
[    0.000000] Initmem setup node 0 [mem 0x0000000000001000-0x000000003ffeffff]
[    0.000000] ACPI: PM-Timer IO Port: 0x4008
[    0.000000] IOAPIC[0]: apic_id 2, version 32, address 0xfec00000, GSI 0-23
[    0.000000] ACPI: INT_SRC_OVR (bus 0 bus_irq 0 global_irq 2 dfl dfl)
[    0.000000] ACPI: INT_SRC_OVR (bus 0 bus_irq 9 global_irq 9 low level)
[    0.000000] Using ACPI (MADT) for SMP configuration information
[    0.000000] smpboot: Allowing 2 CPUs, 0 hotplug CPUs
[    0.000000] PM: Registered nosave memory: [mem 0x00000000-0x00000fff]
[    0.000000] PM: Registered nosave memory: [mem 0x0009f000-0x0009ffff]
[    0.000000] PM: Registered nosave memory: [mem 0x000a0000-0x000effff]
[    0.000000] PM: Registered nosave memory: [mem 0x000f0000-0x000fffff]
[    0.000000] e820: [mem 0x40000000-0xfebfffff] available for PCI devices
[    0.000000] Booting paravirtualized kernel on KVM
[    0.000000] clocksource: refined-jiffies: mask: 0xffffffff max_cycles: 0xffffffff, max_idle_ns: 7645519600211568 ns
[    0.000000] setup_percpu: NR_CPUS:8192 nr_cpumask_bits:2 nr_cpu_ids:2 nr_node_ids:1
[    0.000000] percpu: Embedded 50 pages/cpu s167936 r8192 d28672 u1048576
[    0.000000] PV qspinlock hash table entries: 256 (order: 0, 4096 bytes)
[    0.000000] Built 1 zonelists, mobility grouping on.  Total pages: 257913
[    0.000000] Policy zone: DMA32
[    0.000000] Kernel command line: BOOT_IMAGE=/boot/vmlinuz-4.15.0-212-generic root=LABEL=cloudimg-rootfs ro console=tty1 console=ttyS0
[    0.000000] Memory: 982644K/1048120K available (12300K kernel code, 2477K rwdata, 4324K rodata, 2480K init, 2720K bss, 65476K reserved, 0K cma-reserved)
[    0.000000] SLUB: HWalign=64, Order=0-3, MinObjects=0, CPUs=2, Nodes=1
[    0.000000] ftrace: allocating 39508 entries in 155 pages
[    0.004000] Hierarchical RCU implementation.
[    0.004000] 	RCU restricting CPUs from NR_CPUS=8192 to nr_cpu_ids=2.
[    0.004000] 	Tasks RCU enabled.
[    0.004000] RCU: Adjusting geometry for rcu_fanout_leaf=16, nr_cpu_ids=2
[    0.004000] NR_IRQS: 524544, nr_irqs: 440, preallocated irqs: 16
[    0.004000] random: crng init done
[    0.004000] Console: colour VGA+ 80x25
[    0.004000] console [tty1] enabled
[    0.004000] console [ttyS0] enabled
[    0.004000] ACPI: Core revision 20170831
[    0.004000] ACPI: 2 ACPI AML tables successfully acquired and loaded
[    0.004000] APIC: Switch to symmetric I/O mode setup
[    0.004000] ..TIMER: vector=0x30 apic1=0 pin1=2 apic2=-1 pin2=-1
[    0.004009] tsc: Detected 1992.006 MHz processor
[    0.008012] Calibrating delay loop (skipped) preset value.. 3984.01 BogoMIPS (lpj=7968024)
[    0.012008] pid_max: default: 32768 minimum: 301
[    0.016188] Security Framework initialized
[    0.020008] Yama: becoming mindful.
[    0.024165] AppArmor: AppArmor initialized
[    0.036207] Dentry cache hash table entries: 131072 (order: 8, 1048576 bytes)
[    0.046035] Inode-cache hash table entries: 65536 (order: 7, 524288 bytes)
[    0.048184] Mount-cache hash table entries: 2048 (order: 2, 16384 bytes)
[    0.052253] Mountpoint-cache hash table entries: 2048 (order: 2, 16384 bytes)
[    0.061543] Last level iTLB entries: 4KB 64, 2MB 8, 4MB 8
[    0.064011] Last level dTLB entries: 4KB 64, 2MB 0, 4MB 0, 1GB 4
[    0.068009] Spectre V1 : Mitigation: usercopy/swapgs barriers and __user pointer sanitization
[    0.072007] Spectre V2 : Mitigation: Retpolines
[    0.076008] Spectre V2 : Spectre v2 / SpectreRSB mitigation: Filling RSB on context switch
[    0.080007] Spectre V2 : Spectre v2 / SpectreRSB : Filling RSB on VMEXIT
[    0.084009] RETBleed: WARNING: Spectre v2 mitigation leaves CPU vulnerable to RETBleed attacks, data leaks possible!
[    0.088008] RETBleed: Vulnerable
[    0.092005] Speculative Store Bypass: Vulnerable
[    0.096142] MDS: Mitigation: Clear CPU buffers
[    0.100007] MMIO Stale Data: Mitigation: Clear CPU buffers
[    0.104008] SRBDS: Unknown: Dependent on hypervisor status
[    0.108233] Freeing SMP alternatives memory: 36K
[    0.233728] APIC calibration not consistent with PM-Timer: 102ms instead of 100ms
[    0.236000] APIC delta adjusted to PM-Timer: 6412733 (6605086)
[    0.236662] smpboot: CPU0: Intel(R) Core(TM) i7-8565U CPU @ 1.80GHz (family: 0x6, model: 0x8e, stepping: 0xb)
[    0.244665] Performance Events: unsupported p6 CPU model 142 no PMU driver, software events only.
[    0.248201] Hierarchical SRCU implementation.
[    0.253154] NMI watchdog: Perf event create on CPU 0 failed with -2
[    0.256007] NMI watchdog: Perf NMI watchdog permanently disabled
[    0.261104] smp: Bringing up secondary CPUs ...
[    0.265763] x86: Booting SMP configuration:
[    0.268007] .... node  #0, CPUs:      #1
[    0.004000] kvm-clock: cpu 1, msr 0:3ff44041, secondary cpu clock
[    0.288192] smp: Brought up 1 node, 2 CPUs
[    0.292008] smpboot: Max logical packages: 1
[    0.300007] smpboot: Total of 2 processors activated (7968.02 BogoMIPS)
[    0.312348] devtmpfs: initialized
[    0.316232] x86/mm: Memory block size: 128MB
[    0.320999] evm: security.selinux
[    0.324023] evm: security.SMACK64
[    0.328011] evm: security.SMACK64EXEC
[    0.332008] evm: security.SMACK64TRANSMUTE
[    0.336008] evm: security.SMACK64MMAP
[    0.340014] evm: security.apparmor
[    0.344007] evm: security.ima
[    0.348016] evm: security.capability
[    0.356017] clocksource: jiffies: mask: 0xffffffff max_cycles: 0xffffffff, max_idle_ns: 7645041785100000 ns
[    0.376032] futex hash table entries: 512 (order: 3, 32768 bytes)
[    0.392686] pinctrl core: initialized pinctrl subsystem
[    0.408470] RTC time:  3:31:42, date: 07/02/26
[    0.420607] NET: Registered protocol family 16
[    0.428289] audit: initializing netlink subsys (disabled)
[    0.440423] audit: type=2000 audit(1782963107.796:1): state=initialized audit_enabled=0 res=1
[    0.444019] cpuidle: using governor ladder
[    0.456022] cpuidle: using governor menu
[    0.464130] ACPI: bus type PCI registered
[    0.472010] acpiphp: ACPI Hot Plug PCI Controller Driver version: 0.5
[    0.484955] PCI: Using configuration type 1 for base access
[    0.500184] HugeTLB registered 2.00 MiB page size, pre-allocated 0 pages
[    0.516586] ACPI: Added _OSI(Module Device)
[    0.524011] ACPI: Added _OSI(Processor Device)
[    0.532007] ACPI: Added _OSI(3.0 _SCP Extensions)
[    0.540010] ACPI: Added _OSI(Processor Aggregator Device)
[    0.552014] ACPI: Added _OSI(Linux-Dell-Video)
[    0.560011] ACPI: Added _OSI(Linux-Lenovo-NV-HDMI-Audio)
[    0.568009] ACPI: Added _OSI(Linux-HPI-Hybrid-Graphics)
[    0.577760] ACPI: Executed 1 blocks of module-level executable AML code
[    0.597352] ACPI: Interpreter enabled
[    0.600019] ACPI: (supports S0 S5)
[    0.608007] ACPI: Using IOAPIC for interrupt routing
[    0.620547] PCI: Using host bridge windows from ACPI; if necessary, use "pci=nocrs" and report a bug
[    0.636389] ACPI: Enabled 2 GPEs in block 00 to 07
[    0.664161] ACPI: PCI Root Bridge [PCI0] (domain 0000 [bus 00-ff])
[    0.676020] acpi PNP0A03:00: _OSC: OS supports [ASPM ClockPM Segments MSI]
[    0.688842] acpi PNP0A03:00: _OSC: not requesting OS control; OS requires [ExtendedConfig ASPM ClockPM MSI]
[    0.704029] acpi PNP0A03:00: fail to add MMCONFIG information, can't access extended PCI configuration space under this bridge.
[    0.724125] PCI host bridge to bus 0000:00
[    0.728041] pci_bus 0000:00: root bus resource [io  0x0000-0x0cf7 window]
[    0.740011] pci_bus 0000:00: root bus resource [io  0x0d00-0xffff window]
[    0.752010] pci_bus 0000:00: root bus resource [mem 0x000a0000-0x000bffff window]
[    0.764010] pci_bus 0000:00: root bus resource [mem 0x40000000-0xfdffffff window]
[    0.776010] pci_bus 0000:00: root bus resource [bus 00-ff]
[    0.797354] pci 0000:00:01.1: legacy IDE quirk: reg 0x10: [io  0x01f0-0x01f7]
[    0.808009] pci 0000:00:01.1: legacy IDE quirk: reg 0x14: [io  0x03f6]
[    0.816011] pci 0000:00:01.1: legacy IDE quirk: reg 0x18: [io  0x0170-0x0177]
[    0.828008] pci 0000:00:01.1: legacy IDE quirk: reg 0x1c: [io  0x0376]
[    0.878581] pci 0000:00:07.0: quirk: [io  0x4000-0x403f] claimed by PIIX4 ACPI
[    0.888058] pci 0000:00:07.0: quirk: [io  0x4100-0x410f] claimed by PIIX4 SMB
[    0.916043] ACPI: PCI Interrupt Link [LNKA] (IRQs 5 9 10 *11)
[    0.924923] ACPI: PCI Interrupt Link [LNKB] (IRQs 5 9 *10 11)
[    0.936478] ACPI: PCI Interrupt Link [LNKC] (IRQs 5 *9 10 11)
[    0.948252] ACPI: PCI Interrupt Link [LNKD] (IRQs 5 9 10 *11)
[    0.961095] SCSI subsystem initialized
[    0.968663] pci 0000:00:02.0: vgaarb: setting as boot VGA device
[    0.972000] pci 0000:00:02.0: vgaarb: VGA device added: decodes=io+mem,owns=io+mem,locks=none
[    0.992011] pci 0000:00:02.0: vgaarb: bridge control possible
[    1.004007] vgaarb: loaded
[    1.008201] ACPI: bus type USB registered
[    1.016037] usbcore: registered new interface driver usbfs
[    1.024068] usbcore: registered new interface driver hub
[    1.032035] usbcore: registered new device driver usb
[    1.044298] EDAC MC: Ver: 3.0.0
[    1.052809] PCI: Using ACPI for IRQ routing
[    1.061267] NetLabel: Initializing
[    1.068007] NetLabel:  domain hash size = 128
[    1.076008] NetLabel:  protocols = UNLABELED CIPSOv4 CALIPSO
[    1.084030] NetLabel:  unlabeled traffic allowed by default
[    1.096783] clocksource: Switched to clocksource kvm-clock
[    1.188123] VFS: Disk quotas dquot_6.6.0
[    1.197033] VFS: Dquot-cache hash table entries: 512 (order 0, 4096 bytes)
[    1.212628] AppArmor: AppArmor Filesystem Enabled
[    1.220259] pnp: PnP ACPI init
[    1.230343] pnp: PnP ACPI: found 3 devices
[    1.248714] clocksource: acpi_pm: mask: 0xffffff max_cycles: 0xffffff, max_idle_ns: 2085701024 ns
[    1.262956] NET: Registered protocol family 2
[    1.271658] IP idents hash table entries: 16384 (order: 5, 131072 bytes)
[    1.282980] TCP established hash table entries: 8192 (order: 4, 65536 bytes)
[    1.296494] TCP bind hash table entries: 8192 (order: 5, 131072 bytes)
[    1.310836] TCP: Hash tables configured (established 8192 bind 8192)
[    1.322495] UDP hash table entries: 512 (order: 2, 16384 bytes)
[    1.333190] UDP-Lite hash table entries: 512 (order: 2, 16384 bytes)
[    1.344606] NET: Registered protocol family 1
[    1.352620] pci 0000:00:00.0: Limiting direct PCI/PCI transfers
[    1.362608] pci 0000:00:01.0: Activating ISA DMA hang workarounds
[    1.373386] pci 0000:00:02.0: Video device with shadowed ROM at [mem 0x000c0000-0x000dffff]
[    1.388016] Unpacking initramfs...
[    1.475161] Freeing initrd memory: 19528K
[    2.194775] clocksource: tsc: mask: 0xffffffffffffffff max_cycles: 0x396d5dac02a, max_idle_ns: 881590811122 ns
[    2.209897] platform rtc_cmos: registered platform RTC device (no PNP device found)
[    2.221538] Scanning for low memory corruption every 60 seconds
[    2.234367] Initialise system trusted keyrings
[    2.241505] Key type blacklist registered
[    2.249407] workingset: timestamp_bits=36 max_order=18 bucket_order=0
[    2.263281] zbud: loaded
[    2.277319] squashfs: version 4.0 (2009/01/31) Phillip Lougher
[    2.325468] fuse init (API version 7.26)
[    2.358376] Key type asymmetric registered
[    2.366756] Asymmetric key parser 'x509' registered
[    2.375064] Block layer SCSI generic (bsg) driver version 0.4 loaded (major 246)
[    2.389307] io scheduler noop registered
[    2.395844] io scheduler deadline registered
[    2.402503] io scheduler cfq registered (default)
[    2.410963] ACPI: AC Adapter [AC] (on-line)
[    2.417332] input: Power Button as /devices/LNXSYSTM:00/LNXPWRBN:00/input/input0
[    2.429271] ACPI: Power Button [PWRF]
[    2.436658] input: Sleep Button as /devices/LNXSYSTM:00/LNXSLPBN:00/input/input1
[    2.447967] ACPI: Sleep Button [SLPF]
[    2.455837] Serial: 8250/16550 driver, 32 ports, IRQ sharing enabled
[    2.458763] ACPI: Battery Slot [BAT0] (battery present)
[    2.508447] 00:02: ttyS0 at I/O 0x3f8 (irq = 4, base_baud = 115200) is a 16550A
[    2.521925] Linux agpgart interface v0.103
[    2.538709] loop: module loaded
[    2.548909] scsi host0: ata_piix
[    2.555503] scsi host1: ata_piix
[    2.561037] ata1: PATA max UDMA/33 cmd 0x1f0 ctl 0x3f6 bmdma 0xd000 irq 14
[    2.571100] ata2: PATA max UDMA/33 cmd 0x170 ctl 0x376 bmdma 0xd008 irq 15
[    2.582947] tun: Universal TUN/TAP device driver, 1.6
[    2.591867] PPP generic driver version 2.4.2
[    2.599630] ehci_hcd: USB 2.0 'Enhanced' Host Controller (EHCI) Driver
[    2.608587] ehci-pci: EHCI PCI platform driver
[    2.616383] ehci-platform: EHCI generic platform driver
[    2.624448] ohci_hcd: USB 1.1 'Open' Host Controller (OHCI) Driver
[    2.634986] ohci-pci: OHCI PCI platform driver
[    2.644899] ohci-platform: OHCI generic platform driver
[    2.652527] uhci_hcd: USB Universal Host Controller Interface driver
[    2.662532] i8042: PNP: PS/2 Controller [PNP0303:PS2K,PNP0f03:PS2M] at 0x60,0x64 irq 1,12
[    2.682574] serio: i8042 KBD port at 0x60,0x64 irq 1
[    2.689770] serio: i8042 AUX port at 0x60,0x64 irq 12
[    2.699004] mousedev: PS/2 mouse device common for all mice
[    2.709727] input: AT Translated Set 2 keyboard as /devices/platform/i8042/serio0/input/input2
[    2.725474] rtc_cmos rtc_cmos: rtc core: registered rtc_cmos as rtc0
[    2.735252] rtc_cmos rtc_cmos: alarms up to one day, 114 bytes nvram
[    2.745206] i2c /dev entries driver
[    2.760549] device-mapper: uevent: version 1.0.3
[    2.786846] device-mapper: ioctl: 4.37.0-ioctl (2017-09-20) initialised: dm-devel@redhat.com
[    2.823099] ledtrig-cpu: registered to indicate activity on CPUs
[    2.836055] NET: Registered protocol family 10
[    2.860706] Segment Routing with IPv6
[    2.866372] NET: Registered protocol family 17
[    2.873252] Key type dns_resolver registered
[    2.880416] mce: Using 0 MCE banks
[    2.885668] RAS: Correctable Errors collector initialized.
[    2.893338] sched_clock: Marking stable (2893197765, 0)->(4007601183, -1114403418)
[    2.910072] registered taskstats version 1
[    2.915910] Loading compiled-in X.509 certificates
[    2.929634] Loaded X.509 cert 'Build time autogenerated kernel key: b5b26778eaa3ab3a4a6cee031137706e947d12ad'
[    2.942092] Loaded X.509 cert 'Canonical Ltd. Live Patch Signing: 14df34d1a87cf37625abec039ef2bf521249b969'
[    2.956058] Loaded X.509 cert 'Canonical Ltd. Kernel Module Signing: 88f752e560a1e0737e31163a466ad7b70a850c19'
[    2.968654] blacklist: Loading compiled-in revocation X.509 certificates
[    2.978153] Loaded X.509 cert 'Canonical Ltd. Secure Boot Signing: 61482aa2830d0ab2ad5af10b7250da9033ddcef0'
[    2.990656] Loaded X.509 cert 'Canonical Ltd. Secure Boot Signing (2017): 242ade75ac4a15e50d50c84b0d45ff3eae707a03'
[    3.003523] Loaded X.509 cert 'Canonical Ltd. Secure Boot Signing (ESM 2018): 365188c1d374d6b07c3c8f240f8ef722433d6a8b'
[    3.017392] Loaded X.509 cert 'Canonical Ltd. Secure Boot Signing (2019): c0746fd6c5da3ae827864651ad66ae47fe24b3e8'
[    3.031500] Loaded X.509 cert 'Canonical Ltd. Secure Boot Signing (2021 v1): a8d54bbb3825cfb94fa13c9f8a594a195c107b8d'
[    3.044402] Loaded X.509 cert 'Canonical Ltd. Secure Boot Signing (2021 v2): 4cf046892d6fd3c9a5b03f98d845f90851dc6a8c'
[    3.057367] Loaded X.509 cert 'Canonical Ltd. Secure Boot Signing (2021 v3): 100437bb6de6e469b581e61cd66bce3ef4ed53af'
[    3.070378] Loaded X.509 cert 'Canonical Ltd. Secure Boot Signing (Ubuntu Core 2019): c1d57b8f6b743f23ee41f4f7ee292f06eecadfb9'
[    3.084443] zswap: loaded using pool lzo/zbud
[    3.105732] Key type big_key registered
[    3.110739] Key type trusted registered
[    3.122036] Key type encrypted registered
[    3.127585] AppArmor: AppArmor sha1 policy hashing enabled
[    3.135452] ima: No TPM chip found, activating TPM-bypass! (rc=-19)
[    3.143047] ima: Allocated hash algorithm: sha1
[    3.149422] evm: HMAC attrs: 0x1
[    3.154510]   Magic number: 2:947:511
[    3.160676] rtc_cmos rtc_cmos: setting system clock to 2026-07-02 03:31:45 UTC (1782963105)
[    3.170599] BIOS EDD facility v0.16 2004-Jun-25, 0 devices found
[    3.178009] EDD information not available.
[    3.187826] Freeing unused kernel image memory: 2480K
[    3.212746] Write protecting the kernel read-only data: 20480k
[    3.221686] Freeing unused kernel image memory: 2008K
[    3.228755] Freeing unused kernel image memory: 1820K
[    3.242625] x86/mm: Checked W+X mappings: passed, no W+X pages found.
Loading, please wait...
starting version 237
[    3.397407] e1000: Intel(R) PRO/1000 Network Driver - version 7.3.21-k8-NAPI
[    3.405686] e1000: Copyright (c) 1999-2006 Intel Corporation.
[    3.420515] Fusion MPT base driver 3.04.20
[    3.425365] Copyright (c) 1999-2008 LSI Corporation
[    3.483652] Fusion MPT SPI Host driver 3.04.20
[    3.500498] AVX2 version of gcm_enc/dec engaged.
[    3.507287] AES CTR mode by8 optimization enabled
[    3.707994] input: ImExPS/2 Generic Explorer Mouse as /devices/platform/i8042/serio1/input/input4
[    4.219756] e1000 0000:00:03.0 eth0: (PCI:33MHz:32-bit) 02:3b:7b:b7:3b:2d
[    4.227766] e1000 0000:00:03.0 eth0: Intel(R) PRO/1000 Network Connection
[    4.238706] mptbase: ioc0: Initiating bringup
[    4.239072] e1000 0000:00:03.0 enp0s3: renamed from eth0
[    5.369775] ioc0: LSI53C1030 A0: Capabilities={Initiator}
[    6.419265] scsi host2: ioc0: LSI53C1030 A0, FwRev=00000000h, Ports=1, MaxQ=256, IRQ=20
[    7.323000] scsi 2:0:0:0: Direct-Access     VBOX     HARDDISK         1.0  PQ: 0 ANSI: 5
[    7.368798] scsi target2:0:0: Beginning Domain Validation
[    7.385134] scsi target2:0:0: Domain Validation skipping write tests
[    7.392196] scsi target2:0:0: Ending Domain Validation
[    7.398375] scsi target2:0:0: asynchronous
[    7.405318] scsi 2:0:1:0: Direct-Access     VBOX     HARDDISK         1.0  PQ: 0 ANSI: 5
[    7.452120] scsi target2:0:1: Beginning Domain Validation
[    7.467520] scsi target2:0:1: Domain Validation skipping write tests
[    7.474142] scsi target2:0:1: Ending Domain Validation
[    7.481502] scsi target2:0:1: asynchronous
[    7.503870] sd 2:0:0:0: Attached scsi generic sg0 type 0
[    7.505095] sd 2:0:0:0: [sda] 83886080 512-byte logical blocks: (42.9 GB/40.0 GiB)
[    7.519425] sd 2:0:0:0: [sda] Write Protect is off
[    7.524804] sd 2:0:1:0: Attached scsi generic sg1 type 0
[    7.525636] sd 2:0:0:0: [sda] Write cache: enabled, read cache: enabled, supports DPO and FUA
[    7.540898] sd 2:0:1:0: [sdb] 20480 512-byte logical blocks: (10.5 MB/10.0 MiB)
[    7.550439] sd 2:0:1:0: [sdb] Write Protect is off
[    7.557207] sd 2:0:1:0: [sdb] Write cache: enabled, read cache: enabled, supports DPO and FUA
[    7.571947]  sda: sda1
[    7.580367] sd 2:0:0:0: [sda] Attached SCSI disk
[    7.581311] sd 2:0:1:0: [sdb] Attached SCSI disk
Begin: Loading essential drivers ... [    9.476220] raid6: sse2x1   gen() 11255 MB/s
[    9.529009] raid6: sse2x1   xor()  8350 MB/s
[    9.580212] raid6: sse2x2   gen() 14977 MB/s
[    9.632160] raid6: sse2x2   xor() 10111 MB/s
[    9.685422] raid6: sse2x4   gen() 17377 MB/s
[    9.737109] raid6: sse2x4   xor()  8521 MB/s
[    9.788185] raid6: avx2x1   gen() 22065 MB/s
[    9.840515] raid6: avx2x1   xor() 15370 MB/s
[    9.892154] raid6: avx2x2   gen() 23084 MB/s
[    9.945401] raid6: avx2x2   xor() 17685 MB/s
[    9.996159] raid6: avx2x4   gen() 33844 MB/s
[   10.048196] raid6: avx2x4   xor() 19482 MB/s
[   10.053199] raid6: using algorithm avx2x4 gen() 33844 MB/s
[   10.058685] raid6: .... xor() 19482 MB/s, rmw enabled
[   10.064645] raid6: using avx2x2 recovery algorithm
[   10.071369] xor: automatically using best checksumming function   avx       
[   10.081509] async_tx: api initialized (async)
done.
Begin: Running /scripts/init-premount ... done.
Begin: Mounting root file system ... Begin: Running /scripts/local-top ... done.
Begin: Running /scripts/local-premount ... [   10.157044] Btrfs loaded, crc32c=crc32c-intel
Scanning for Btrfs filesystems
done.
Warning: fsck not present, so skipping root file system
[   10.229912] EXT4-fs (sda1): mounted filesystem with ordered data mode. Opts: (null)
done.
Begin: Running /scripts/local-bottom ... done.
Begin: Running /scripts/init-bottom ... done.
[   10.553574] ip_tables: (C) 2000-2006 Netfilter Core Team
[   10.584484] systemd[1]: systemd 237 running in system mode. (+PAM +AUDIT +SELINUX +IMA +APPARMOR +SMACK +SYSVINIT +UTMP +LIBCRYPTSETUP +GCRYPT +GNUTLS +ACL +XZ +LZ4 +SECCOMP +BLKID +ELFUTILS +KMOD -IDN2 +IDN -PCRE2 default-hierarchy=hybrid)
[   10.611075] systemd[1]: Detected virtualization oracle.
[   10.617484] systemd[1]: Detected architecture x86-64.

Welcome to [1mUbuntu 18.04.6 LTS[0m!

[   10.674686] systemd[1]: Set hostname to <ubuntu>.
[   10.689369] systemd[1]: Initializing machine ID from random generator.
[   10.698112] systemd[1]: Installed transient /etc/machine-id file.
[   11.282511] systemd[1]: Reached target Mounting snaps.
[[0;32m  OK  [0m] Reached target Mounting snaps.
[   11.294698] systemd[1]: Started Forward Password Requests to Wall Directory Watch.
[[0;32m  OK  [0m] Started Forward Password Requests to Wall Directory Watch.
[   11.331336] systemd[1]: Created slice System Slice.
[[0;32m  OK  [0m] Created slice System Slice.
[   11.341668] systemd[1]: Listening on udev Control Socket.
[[0;32m  OK  [0m] Listening on udev Control Socket.
[[0;32m  OK  [0m] Listening on fsck to fsckd communication Socket.
[[0;32m  OK  [0m] Listening on udev Kernel Socket.
[[0;32m  OK  [0m] Listening on LVM2 poll daemon socket.
[[0;32m  OK  [0m] Listening on Journal Audit Socket.
[[0;32m  OK  [0m] Listening on LVM2 metadata daemon socket.
[[0;32m  OK  [0m] Listening on Network Service Netlink Socket.
[[0;32m  OK  [0m] Listening on Journal Socket.
         Mounting Kernel Debug File System...
         Starting Load Kernel Modules...
[[0;32m  OK  [0m] Created slice User and Session Slice.
[[0;32m  OK  [0m] Reached target System Time Synchronized.
[[0;32m  OK  [0m] Reached target User and Group Name Lookups.
         Starting udev Coldplug all Devices...
         Starting Uncomplicated firewall...
[   11.442418] Loading iSCSI transport class v2.0-870.
[[0;32m  OK  [0m] Created slice system-serial\x2dgetty.slice.
[[0;32m  OK  [0m] Listening on Journal Socket (/dev/log).
[[0;32m  OK  [0m] Listening on Device-mapper event daemon FIFOs.
         Starting Set the console keyboard layout...
[[0;32m  OK  [0m] Set up automount Arbitrary Executab…rmats File System Automount Point.
         Mounting POSIX Message Queue File System...
[[0;32m  OK  [0m] Listening on /dev/initctl Compatibility Named Pipe.
[[0;32m  OK  [0m] Reached target Mounted snaps.
[[0;32m  OK  [0m] Reached target Swap.
[[0;32m  OK  [0m] Reached target Slices.
         Starting Monitoring of LVM2 mirrors…ng dmeventd or progress polling...
         Starting File System Check on Root Devi[   11.524345] iscsi: registered transport (tcp)
ce...
         Starting Create list of required st…ce nodes for the current kernel...
         Mounting Huge Pages File System...
[[0;32m  OK  [0m] Listening on Syslog Socket.
         Starting Journal Service...
[[0;32m  OK  [0m] Mounted Kernel Debug File System.
[[0;32m  OK  [0m] Started Uncomplicated firewall.
[[0;32m  OK  [0m] Mounted POSIX Message Queue File System.
[[0;32m  OK  [0m] Started File System Check on Root Device.
[[0;32m  OK  [0m] Started Create list of required sta…vice nodes for the current kernel.
[[0;32m  OK  [0m] Mounted Huge Pages File System.
[[0;32m  OK  [0m] Started LVM2 metadata daemon.
[[0;32m  OK  [0m] Started File System Check Daemon to report status.
         Starting Create Static Device Nodes in /dev...
         Starting Remount Root and Kernel File Systems...
[[0;32m  OK  [0m] Started udev Coldplug all Devices.
[   11.940055] EXT4-fs (sda1): re-mounted. Opts: (null)
[[0;32m  OK  [0m] Started Journal Service.
[[0;32m  OK  [0m] Started Remount Root and Kernel File Systems.
         Starting Load/Save Random Seed...
         Starting Flush Journal to Persistent Storage...
[[0;32m  OK  [0m] Started Create Static Device Nodes in /dev.[   12.052961] iscsi: registered transport (iser)

         Starting udev Kernel Device Manager...
[[0;32m  OK  [0m] Started Load Kernel Modules.
[[0;32m  OK  [0m] Started Load/Save Random Seed.
         Starting Apply Kernel Variables...
         Mounting FUSE Control File System...
         Mounting Kernel Configuration File System...
[[0;32m  OK  [0m] Started Monitoring of LVM2 mirrors,…sing dmeventd or progress polling.
[[0;32m  OK  [0m] Mounted FUSE Control File System.
[[0;32m  OK  [0m] Mounted Kernel Configuration File System.
[   12.178012] systemd-journald[412]: Received request to flush runtime journal from PID 1
[[0;32m  OK  [0m] Started udev Kernel Device Manager.
[[0;32m  OK  [0m] Started Apply Kernel Variables.
[[0;32m  OK  [0m] Started Flush Journal to Persistent Storage.
[[0;32m  OK  [0m] Found device /dev/ttyS0.
[[0;32m  OK  [0m] Listening on Load/Save RF Kill Switch Status /dev/rfkill Watch.
[[0;32m  OK  [0m] Started Set the console keyboard layout.
         Mounting Arbitrary Executable File Formats File System...
[[0;32m  OK  [0m] Started Dispatch Password Requests to Console Directory Watch.
[[0;32m  OK  [0m] Reached target Local Encrypted Volumes.
[[0;32m  OK  [0m] Reached target Local File Systems (Pre).
[[0;32m  OK  [0m] Reached target Local File Systems.
         Starting AppArmor initialization...
         Starting ebtables ruleset management...
         Starting Create Volatile Files and Directories...
         Starting Set console font and keymap...
         Starting Commit a transient machine-id on disk...
         Starting Tell Plymouth To Write Out Runtime Data...
[[0;32m  OK  [0m] Mounted Arbitrary Executable File Formats File System.
[[0;32m  OK  [0m] Started Tell Plymouth To Write Out Runtime Data.
[[0;32m  OK  [0m] Started Create Volatile Files and Directories.
         Starting Update UTMP about System Boot/Shutdown...
[[0;32m  OK  [0m] Started Commit a transient machine-id on disk.
[[0;32m  OK  [0m] Started ebtables ruleset management.
[[0;32m  OK  [0m] Started Update UTMP about System Boot/Shutdown.
[[0;32m  OK  [0m] Started AppArmor initialization.
         Starting Initial cloud-init job (pre-networking)...
         Starting Load AppArmor profiles managed internally by snapd...
[[0;32m  OK  [0m] Started Load AppArmor profiles managed internally by snapd.
[[0;32m  OK  [0m] Started Set console font and keymap.
[   24.914007] cloud-init[753]: Cloud-init v. 23.1.2-0ubuntu0~18.04.1 running 'init-local' at Thu, 02 Jul 2026 03:32:05 +0000. Up 23.34 seconds.
[[0;32m  OK  [0m] Started Initial cloud-init job (pre-networking).
[[0;32m  OK  [0m] Reached target Network (Pre).
         Starting Network Service...
[[0;32m  OK  [0m] Started Network Service.
         Starting Network Name Resolution...
         Starting Wait for Network to be Configured...
[[0;32m  OK  [0m] Started Network Name Resolution.
[[0;32m  OK  [0m] Reached target Network.
[[0;32m  OK  [0m] Reached target Host and Network Name Lookups.
[[0;32m  OK  [0m] Started Wait for Network to be Configured.
         Starting Initial cloud-init job (metadata service crawler)...
[   29.057315] cloud-init[894]: Cloud-init v. 23.1.2-0ubuntu0~18.04.1 running 'init' at Thu, 02 Jul 2026 03:32:10 +0000. Up 28.54 seconds.
[   29.069634] cloud-init[894]: ci-info: +++++++++++++++++++++++++++++++++++++++++++Net device info++++++++++++++++++++++++++++++++++++++++++++
[   29.079857] cloud-init[894]: ci-info: +--------+------+---------------------------------------+---------------+--------+-------------------+
[   29.090368] cloud-init[894]: ci-info: | Device |  Up  |                Address                |      Mask     | Scope  |     Hw-Address    |
[   29.100067] cloud-init[894]: ci-info: +--------+------+---------------------------------------+---------------+--------+-------------------+
[   29.109017] cloud-init[894]: ci-info: | enp0s3 | True |               10.0.2.15               | 255.255.255.0 | global | 02:3b:7b:b7:3b:2d |
[   29.118419] cloud-init[894]: ci-info: | enp0s3 | True | fd17:625c:f037:2:3b:7bff:feb7:3b2d/64 |       .       | global | 02:3b:7b:b7:3b:2d |
[   29.126738] cloud-init[894]: ci-info: | enp0s3 | True |       fe80::3b:7bff:feb7:3b2d/64      |       .       |  link  | 02:3b:7b:b7:3b:2d |
[   29.136896] cloud-init[894]: ci-info: |   lo   | True |               127.0.0.1               |   255.0.0.0   |  host  |         .         |
[   29.146440] cloud-init[894]: ci-info: |   lo   | True |                ::1/128                |       .       |  host  |         .         |
[   29.156197] cloud-init[894]: ci-info: +--------+------+---------------------------------------+---------------+--------+-------------------+
[   29.181528] cloud-init[894]: ci-info: ++++++++++++++++++++++++++++Route IPv4 info+++++++++++++++++++++++++++++
[   29.199149] cloud-init[894]: ci-info: +-------+-------------+----------+-----------------+-----------+-------+
[   29.219105] cloud-init[894]: ci-info: | Route | Destination | Gateway  |     Genmask     | Interface | Flags |
[   29.232749] cloud-init[894]: ci-info: +-------+-------------+----------+-----------------+-----------+-------+
[   29.246311] cloud-init[894]: ci-info: |   0   |   0.0.0.0   | 10.0.2.2 |     0.0.0.0     |   enp0s3  |   UG  |
[   29.258031] cloud-init[894]: ci-info: |   1   |   10.0.2.0  | 0.0.0.0  |  255.255.255.0  |   enp0s3  |   U   |
[   29.270707] cloud-init[894]: ci-info: |   2   |   10.0.2.2  | 0.0.0.0  | 255.255.255.255 |   enp0s3  |   UH  |
[   29.286339] cloud-init[894]: ci-info: +-------+-------------+----------+-----------------+-----------+-------+
[   29.313438] cloud-init[894]: ci-info: ++++++++++++++++++++++++Route IPv6 info++++++++++++++++++++++++
[   29.331949] cloud-init[894]: ci-info: +-------+-----------------------+---------+-----------+-------+
[   29.348208] cloud-init[894]: ci-info: | Route |      Destination      | Gateway | Interface | Flags |
[   29.361560] cloud-init[894]: ci-info: +-------+-----------------------+---------+-----------+-------+
[   29.375597] cloud-init[894]: ci-info: |   1   | fd17:625c:f037:2::/64 |    ::   |   enp0s3  |   U   |
[   29.391900] cloud-init[894]: ci-info: |   2   |       fe80::/64       |    ::   |   enp0s3  |   U   |
[   29.417147] cloud-init[894]: ci-info: |   3   |          ::/0         | fe80::2 |   enp0s3  |   UG  |
[   29.434444] cloud-init[894]: ci-info: |   5   |         local         |    ::   |   enp0s3  |   U   |
[   29.447287] cloud-init[894]: ci-info: |   6   |        ff00::/8       |    ::   |   enp0s3  |   U   |
[   29.461240] cloud-init[894]: ci-info: +-------+-----------------------+---------+-----------+-------+
[   31.797280] cloud-init[894]: Generating public/private rsa key pair.
[   31.811843] cloud-init[894]: Your identification has been saved in /etc/ssh/ssh_host_rsa_key.
[   31.826820] cloud-init[894]: Your public key has been saved in /etc/ssh/ssh_host_rsa_key.pub.
[   31.839810] cloud-init[894]: The key fingerprint is:
[   31.851832] cloud-init[894]: SHA256:/n1CbLnucyNoPAaz5aLblBeBeP6ewqaLiucw6dityDM root@ubuntu-bionic
[   31.879749] cloud-init[894]: The key's randomart image is:
[   31.893878] cloud-init[894]: +---[RSA 2048]----+
[   31.903304] cloud-init[894]: |                 |
[   31.917518] cloud-init[894]: |       . .       |
[   31.929106] cloud-init[894]: |      . o .      |
[   31.941862] cloud-init[894]: |       o   .     |
[   31.955806] cloud-init[894]: |        S .. .   |
[   31.967289] cloud-init[894]: | .     .oo..=    |[[0;32m  OK  [0m] Started Initial cloud-init job (metadata service crawler).
[[0;32m  OK  [0m] Reached target Network is Online.

         Starting Availability of block devices...
[[0;32m  OK  [0m] Reached target Remote File Systems (Pre).
[[0;32m  OK  [0m] Reached target Remote File Systems.
[[0;32m  OK  [0m] Reached target Cloud-config availability.
[[0;32m  OK  [0m] Reached target System Initialization.
[[0;32m  OK  [0m] Listening on cloud-init hotplug hook socket.
[   31.986802] cloud-init[894]: |+      .+Bo+ .   |
         Starting LXD - unix socket.
[[0;32m  OK  [0m] Listening on ACPID Listen Socket.
[[0;32m  OK  [0m] Listening on UUID daemon activation socket.
[[0;32m  OK  [0m] Started Daily Cleanup of Temporary Directories.
[   32.057190] cloud-init[894]: |+E.. . o*+Bo= +  |
[   32.116732] [[0;32m  OK  [0m] Listening on D-Bus System Message Bus Socket.
[[0;32m  OK  [0m] Listening on Open-iSCSI iscsid Socket.
[[0;32m  OK  [0m] Started Ubuntu Advantage Timer for running repeated jobs.
[[0;32m  OK  [0m] Started Discard unused blocks once a week.
[[0;32m  OK  [0m] Started Daily apt download activities.
[[0;32m  OK  [0m] Started Daily apt upgrade and clean activities.
[[0;32m  OK  [0m] Started Message of the Day.
[[0;32m  OK  [0m] Reached target Timers.
[[0;32m  OK  [0m] Started ACPI Events Check.
[[0;32m  OK  [0m] Reached target Paths.
         Starting Socket activation for snappy daemon.
[[0;32m  OK  [0m] Started Availability of block devices.
[[0;32m  OK  [0m] Listening on LXD - unix socket.
[[0;32m  OK  [0m] Listening on Socket activation for snappy daemon.
[[0;32m  OK  [0m] Reached target Sockets.
[[0;32m  OK  [0m] Reached target Basic System.
[[0;32m  OK  [0m] Started D-Bus System Message Bus.
cloud-init[894]: |+=Boo =*.=+++* . |
[   32.206819] cloud-init[894]: +----[SHA256]-----+
[   32.221495] cloud-init[894]: Generating public/private dsa key pair.
[   32.241372] cloud-init[894]: Your identification has been saved in /etc/ssh/ssh_host_dsa_key.
[   32.261205] cloud-init         Starting Permit User Sessions...
[[0;32m  OK  [0m] Started irqbalance daemon.
         Starting Accounts Service...
[894]:          Starting Dispatcher daemon for systemd-networkd...
Your public key has been saved in /etc/ssh/ssh_host_dsa_key.pub.
[   32.314658] cloud-init[894]: The key fingerprint is:
[   32.349019] [[0;32m  OK  [0m] Started Regular background program processing daemon.
[[0;32m  OK  [0m] Reached target Login Prompts (Pre).
cloud-init[894]: SHA256:wQ8/mrsRgoj2ax9w/G3qK++8lTk18YKWta9d46Uei4M root@ubuntu-bionic
         Starting Login Service...
         Starting LSB: Record successful boot for GRUB...
         Starting LXD - container startup/shutdown...
         Starting Pollinate to seed the pseudo random number generator...
         Starting System Logging Service...
[   32.438340] [[0;32m  OK  [0m] Started FUSE filesystem for LXC.
cloud-init         Starting Virtualbox guest utils...
[[0;32m  OK  [0m] Started Deferred execution scheduler.
         Starting LSB: automatic crash report generation...
[894]: The key's randomart image is:
[   32.537614]          Starting Snap Daemon...
[[0;32m  OK  [0m] Started Permit User Sessions.
cloud-init[894]:          Starting Hold until boot process finishes up...
         Starting Terminate Plymouth Boot Screen...
+---[DSA 1024]----+
[   32.609355] cloud-init[894]: |                 |
[   32.618331] cloud-init[894]: |       .         |
[   32.628933] cloud-init[894]: |        +  o     |
[   32.636259] cloud-init[894]: | . ...   =+ +    |
[   32.654166] cloud-init[894]: |.....o. S++= .   |
[   32.664533] cloud-init[894]: |. . o ..o++.+    |
[   32.669484] cloud-init[894]: |   . . .+B . ..o.|
[   32.676200] cloud-init[894]: |   ...o +oE +.o+o|
[   32.681251] cloud-init[894]: |  ....=O=. ..++. |
[   32.685726] cloud-init[894]: +----[SHA256]-----+
[   32.690939] cloud-init[894]: Generating public/private ecdsa key pair.
[   32.696123] cloud-init[894]: Your identification has been saved in /etc/ssh/ssh_host_ecdsa_key.
[   32.703699] cloud-init[894]: Your public key has been saved in /etc/ssh/ssh_host_ecdsa_key.pub.
[   32.711874] cloud-init[894]: The key fingerprint is:
[   32.718487] cloud-init[894]: SHA256:gnZh/vvF1AbNruylkGP0BWErmuo9Ph+QCZ7rXYGCBfc root@ubuntu-bionic
[   32.726687] cloud-init[894]: The key's randomart image is:
[   32.747591] cloud-init[894]: +---[ECDSA 256]---+
[   32.755141] cloud-init[894]: |    . .     o    |
[   32.778002] cloud-init[894]: |     o .   . =   |
[[0;32m  OK  [0m] Started Hold until boot process finishes up.
[[0;32m  OK  [0m] Started Terminate Plymouth Boot Screen.
[   32.791291] cloud-init[894]: |      = E . + o  |
         Starting Set console scheme...
[   32.826929] cloud-init[894]: |     B + * . =   |
[[0;32m  OK  [0m] Started Serial Getty on ttyS0.
[   32.855307] cloud-init[894]: |    + B S o . =  |
[   32.869741] cloud-init[894]: |   . . * o B +   |
         Starting Authorization Manager...
[   32.878626] cloud-init[894]: |      o . B * .  |
[   32.893396] cloud-init[894]: |     o oo+ * o   |
[   32.900825] cloud-init[894]: |      o.==o o    |
[   32.909389] cloud-init[894]: +----[SHA256]-----+
[   32.920119] cloud-init[894]: Generating public/private ed25519 key pair.
[   32.943433] cloud-init[894]: Your identification has been saved in /etc/ssh/ssh_host_ed25519_key.
[   32.962952] cloud-init[894]: Your public key has been saved in /etc/ssh/ssh_host_ed25519_key.pub.
[   32.971717] cloud-init[894]: The key fingerprint is:
[   32.984677] cloud-init[894]: SHA256:y7/uo/6AbUEgYNhvdaGcMMrE2XexqsyTD5nvFpmTpyg root@ubuntu-bionic
[   32.993878] cloud-init[894]: The key's randomart image is:
[   32.999540] [[0;32m  OK  [0m] Started Set console scheme.
[[0;32m  OK  [0m] Created slice system-getty.slice.
cloud-init[894]: +--[ED25519 256]--+
[   33.058365] cloud-init[894]: | ++++ . oo       |
[[0;32m  OK  [0m] Started Getty on tty1.
[[0;32m  OK  [0m] Reached target Login Prompts.
[   33.078056] cloud-init[894]: |.++..=o+o.       |
[   33.090267] cloud-init[894]: |  o. o+oo        |
[   33.096710] cloud-init[894]: |    o  o         |
[   33.101209] cloud-init[894]: |   .  .+S        |
[   33.105938] cloud-init[894]: |   o =*+.o       |
[   33.109704] cloud-init[894]: |    X..=*        |
[   33.114041] cloud-init[894]: |  E .=o. o.      |
[   33.124103] cloud-init[894]: |   . o+.o=*o     |
[   33.128717] cloud-init[894]: +----[SHA256]-----+
[[0;32m  OK  [0m] Started LSB: automatic crash report generation.
[[0;32m  OK  [0m] Started Login Service.
[[0;32m  OK  [0m] Started Unattended Upgrades Shutdown.
[[0;32m  OK  [0m] Started LSB: Record successful boot for GRUB.
[[0;32m  OK  [0m] Started System Logging Service.
[[0;32m  OK  [0m] Started Authorization Manager.
[[0;32m  OK  [0m] Started Accounts Service.
[[0;32m  OK  [0m] Started Virtualbox guest utils.
[[0;32m  OK  [0m] Started Dispatcher daemon for systemd-networkd.
[[0;32m  OK  [0m] Started LXD - container startup/shutdown.
[[0;32m  OK  [0m] Started Snap Daemon.
         Starting Wait until snapd is fully seeded...
[[0;32m  OK  [0m] Started Pollinate to seed the pseudo random number generator.
         Starting OpenBSD Secure Shell server...
[[0;32m  OK  [0m] Started OpenBSD Secure Shell server.

Ubuntu 18.04.6 LTS ubuntu-bionic ttyS0

ubuntu-bionic login: [   47.299195] cloud-init[1383]: Cloud-init v. 23.1.2-0ubuntu0~18.04.1 running 'modules:config' at Thu, 02 Jul 2026 03:32:27 +0000. Up 45.44 seconds.
ci-info: no authorized SSH keys fingerprints found for user ubuntu.
<14>Jul  2 03:32:31 cloud-init: #############################################################
<14>Jul  2 03:32:31 cloud-init: -----BEGIN SSH HOST KEY FINGERPRINTS-----
<14>Jul  2 03:32:31 cloud-init: 1024 SHA256:wQ8/mrsRgoj2ax9w/G3qK++8lTk18YKWta9d46Uei4M root@ubuntu-bionic (DSA)
<14>Jul  2 03:32:31 cloud-init: 256 SHA256:gnZh/vvF1AbNruylkGP0BWErmuo9Ph+QCZ7rXYGCBfc root@ubuntu-bionic (ECDSA)
<14>Jul  2 03:32:31 cloud-init: 256 SHA256:y7/uo/6AbUEgYNhvdaGcMMrE2XexqsyTD5nvFpmTpyg root@ubuntu-bionic (ED25519)
<14>Jul  2 03:32:31 cloud-init: 2048 SHA256:/n1CbLnucyNoPAaz5aLblBeBeP6ewqaLiucw6dityDM root@ubuntu-bionic (RSA)
<14>Jul  2 03:32:31 cloud-init: -----END SSH HOST KEY FINGERPRINTS-----
<14>Jul  2 03:32:31 cloud-init: #############################################################
-----BEGIN SSH HOST KEY KEYS-----
ecdsa-sha2-nistp256 AAAAE2VjZHNhLXNoYTItbmlzdHAyNTYAAAAIbmlzdHAyNTYAAABBBKwXSCA/Y5KXiuDN62t2Op3GXH3GMKgweZze2rVr6ArFaPJHiTkm3/74lfCnjoukgBV6dfcvvpmhgsjPv2nR3Sc= root@ubuntu-bionic
ssh-ed25519 AAAAC3NzaC1lZDI1NTE5AAAAIKRMsWubXpx/FftzP8lBmb4PTt7GHkG0jpjWHpvgiJNl root@ubuntu-bionic
ssh-rsa AAAAB3NzaC1yc2EAAAADAQABAAABAQDICzqV5ITlyXuqUYuRsaou8pARMmP3bfWi9cmJc0rqtrWbcVHkzKIaipkqHFrXUb5EwIWAXolbf/6b7zmxiWBncDxfcd5Rn0P0zIiHGKo42+j60FqAEflYRVjuNGLGpBkvKognEzaIzJhAfCu4FcQiOpJ1yKk1gvptAqm+troLEuRrQmCwqPaHievWOFo+UzozOxE+1NazIyt+0MYsn66UTj+jQ/0qZ9FZsT86MeCcMswGY/Z4AINnimyMJTdjqUm3cLLUbP0J8ZDonA/mRt4ilunpBhJu8gtcO5ejT89vldxylLlu9a73Fa63IXK/LBKfZ9Pd2o5JO/1EnX2DgGzx root@ubuntu-bionic
-----END SSH HOST KEY KEYS-----
[   49.147754] cloud-init[1526]: Cloud-init v. 23.1.2-0ubuntu0~18.04.1 running 'modules:final' at Thu, 02 Jul 2026 03:32:31 +0000. Up 48.77 seconds.
[   49.178772] cloud-init[1526]: Cloud-init v. 23.1.2-0ubuntu0~18.04.1 finished at Thu, 02 Jul 2026 03:32:31 +0000. Datasource DataSourceNoCloud [seed=/dev/sdb][dsmode=net].  Up 49.13 seconds
